[2025-03-16T23:04:39.121+0000][20707][gc] Using G1
[2025-03-16T23:04:39.138+0000][20707][gc,init] Version: 17.0.1+12 (release)
[2025-03-16T23:04:39.138+0000][20707][gc,init] CPUs: 8 total, 8 available
[2025-03-16T23:04:39.138+0000][20707][gc,init] Memory: 15776M
[2025-03-16T23:04:39.138+0000][20707][gc,init] Large Page Support: Disabled
[2025-03-16T23:04:39.138+0000][20707][gc,init] NUMA Support: Disabled
[2025-03-16T23:04:39.138+0000][20707][gc,init] Compressed Oops: Enabled (Zero based)
[2025-03-16T23:04:39.138+0000][20707][gc,init] Heap Region Size: 4M
[2025-03-16T23:04:39.138+0000][20707][gc,init] Heap Min Capacity: 7888M
[2025-03-16T23:04:39.138+0000][20707][gc,init] Heap Initial Capacity: 7888M
[2025-03-16T23:04:39.138+0000][20707][gc,init] Heap Max Capacity: 7888M
[2025-03-16T23:04:39.138+0000][20707][gc,init] Pre-touch: Disabled
[2025-03-16T23:04:39.138+0000][20707][gc,init] Parallel Workers: 8
[2025-03-16T23:04:39.138+0000][20707][gc,init] Concurrent Workers: 2
[2025-03-16T23:04:39.138+0000][20707][gc,init] Concurrent Refinement Workers: 8
[2025-03-16T23:04:39.138+0000][20707][gc,init] Periodic GC: Disabled
[2025-03-16T23:04:39.138+0000][20707][gc,metaspace] CDS archive(s) not mapped
[2025-03-16T23:04:39.138+0000][20707][gc,metaspace] Compressed class space mapped at: 0x00000007c0000000-0x0000000800000000, reserved size: 1073741824
[2025-03-16T23:04:39.138+0000][20707][gc,metaspace] Narrow klass base: 0x0000000000000000, Narrow klass shift: 3, Narrow klass range: 0x800000000
[2025-03-16T23:04:39.201+0000][20707][gc,heap,exit] Heap
[2025-03-16T23:04:39.201+0000][20707][gc,heap,exit]  garbage-first heap   total 8077312K, used 6146K [0x00000005d3000000, 0x00000007c0000000)
[2025-03-16T23:04:39.201+0000][20707][gc,heap,exit]   region size 4096K, 2 young (8192K), 0 survivors (0K)
[2025-03-16T23:04:39.201+0000][20707][gc,heap,exit]  Metaspace       used 3426K, committed 3520K, reserved 1056768K
[2025-03-16T23:04:39.201+0000][20707][gc,heap,exit]   class space    used 269K, committed 320K, reserved 1048576K
